Unable to find image 'python@sha256:5f55cdf0c5d9dc1a415637a5ccc4a9e18663ad203673173b8cda8f8dcacef689' locally
docker.io/library/python@sha256:5f55cdf0c5d9dc1a415637a5ccc4a9e18663ad203673173b8cda8f8dcacef689: Pulling from library/python
8c7716127147: Pulling fs layer
31fd2a94d723: Pulling fs layer
66b685f2f76b: Pulling fs layer
7d456e82f89b: Pulling fs layer
7d456e82f89b: Waiting
31fd2a94d723: Download complete
66b685f2f76b: Verifying Checksum
66b685f2f76b: Download complete
8c7716127147: Verifying Checksum
8c7716127147: Download complete
7d456e82f89b: Verifying Checksum
7d456e82f89b: Download complete
8c7716127147: Pull complete
31fd2a94d723: Pull complete
66b685f2f76b: Pull complete
7d456e82f89b: Pull complete
Digest: sha256:5f55cdf0c5d9dc1a415637a5ccc4a9e18663ad203673173b8cda8f8dcacef689
Status: Downloaded newer image for python@sha256:5f55cdf0c5d9dc1a415637a5ccc4a9e18663ad203673173b8cda8f8dcacef689
embedding 0 (transforms anti-transpose,flip-x,flip-y,transpose, offset (0, 0)): saturated, 0 single-removal freeings, 16 pair-removal freeings [0.5s]
embedding 1 (transforms anti-transpose,flip-x,flip-y,transpose, offset (0, 1)): saturated, 0 single-removal freeings, 16 pair-removal freeings [0.5s]
embedding 2 (transforms anti-transpose,flip-x,flip-y,transpose, offset (1, 0)): saturated, 0 single-removal freeings, 16 pair-removal freeings [0.5s]
embedding 3 (transforms anti-transpose,flip-x,flip-y,transpose, offset (1, 1)): saturated, 0 single-removal freeings, 16 pair-removal freeings [0.5s]
embedding 4 (transforms identity,rot180,rot270,rot90, offset (0, 0)): saturated, 0 single-removal freeings, 16 pair-removal freeings [0.5s]
embedding 5 (transforms identity,rot180,rot270,rot90, offset (0, 1)): saturated, 0 single-removal freeings, 16 pair-removal freeings [0.5s]
embedding 6 (transforms identity,rot180,rot270,rot90, offset (1, 0)): saturated, 0 single-removal freeings, 16 pair-removal freeings [0.5s]
embedding 7 (transforms identity,rot180,rot270,rot90, offset (1, 1)): saturated, 0 single-removal freeings, 16 pair-removal freeings [0.5s]
