PASS (19a) branch 0 -> N_Y(0)
PASS (19a) branch 1 -> N_Y(1)
PASS (19a) branch 2 -> N_Y(2)
PASS (19b) branch 0 -> N_Z(0)
PASS (19b) branch 1 -> N_Z(1)
PASS (19b) branch 2 -> N_Z(2)
PASS (19c,19d) branch 0 -> R1T(0)
PASS (19c,19d) branch 1 -> R1T(1)
PASS (19c,19d) branch 2 -> R1T(2)
PASS (19e,19f) branch 0 -> R1A(0)
PASS (19e,19f) branch 1 -> R1A(1)
PASS (19e,19f) branch 2 -> R1A(2)
PASS (19g,19h) branch 0 -> R2A(0)
PASS (19g,19h) branch 1 -> R2A(1)
PASS (19g,19h) branch 2 -> R2A(2)
PASS (19i,19j) branch 0 -> R2T(0)
PASS (19i,19j) branch 1 -> R2T(1)
PASS (19i,19j) branch 2 -> R2T(2)
PASS (19k) branch 0 -> SL(3,U)
PASS (19k) branch 1 -> SL(3,C)
PASS (19l) branch 0 -> SR(1,C)
PASS (19l) branch 1 -> SR(1,U)
PASS (19m) branch 0 -> SL(2,U)
PASS (19n) branch 0 -> SL(1,U)
PASS (19o) branch 0 -> SR(2,U)
PASS (19p) branch 0 -> SR(3,U)
PASS Z-K side condition: left -> F_Z_left
PASS Z-K side condition: right-minus-left -> F_Z_right_minus_left
PASS Y-G side condition: left -> F_Y_left
PASS Y-G side condition: right-minus-left -> F_Y_right_minus_left
PASS exhaustive single-output term audit: {'Y': 3, 'G': 12, 'K': 12, 'Z': 3}
PASS: (19a)-(19p), both side conditions, and all 30 private-message rows agree exactly
